[{"run__flow__generate__date": "2021-04-02 09:10", "run__flow__openroad__version": "1", "run__flow__openroad__commit": "daa2ad53a592dbef4d1d5e257aa4a51532ac2f14", "run__flow__uuid": "a185b62b-b82c-4952-b0e5-c799b0a47cbd", "run__flow__design": "jpeg", "run__flow__platform": "sky130hd", "synth__area__stdcell__count": 57644.0, "synth__area__stdcell__area": 452674.1504, "constraints__clocks__count": 1, "constraints__clocks__details": ["clk: 6.0000"], "floorplan__timing__tns_total": 0.0, "floorplan__timing__wns__worst": 0.0, "floorplan__timing__ws__worst": 0.12, "floorplan__area__stdcell__count": 441071.0, "floorplan__area__instance__util": 5.0, "floorplan__area__IO__count": 47.0, "floorplan__area__macros__count": 0, "globalplace__area__density__target": 0.6, "globalplace__area__wirelength__estimate": 2731440.0, "globalplace__timing__tns__total": -164437.89, "globalplace__timing__wns__worst": -146.15, "placeopt__area__inbuffer__count": 19.0, "placeopt__area__outbuffer__count": 27.0, "placeopt__area__resize__count": 7594.0, "placeopt__timing__tns__total": -1351.93, "placeopt__timing__wns__worst": -5.8, "placeopt__timing__ws__worst": -5.8, "placeopt__area__instance__area": 642833.0, "placeopt__area__instance__util": 7.0, "detailedplace__timing__tns__total": -705.25, "detailedplace__timing__wns__worst": -4.35, "detailedplace__timing__ws__worst": -4.35, "detailedplace__inst__displacement__total": 133468.6, "detailedplace__inst__displacement__average": 0.8, "detailedplace__inst__displacement__max": 17.4, "detailedplace__wirelength__initial__estimate": 1600526.1, "detailedplace__wirelength__final__estimate": 1726171.9, "cts__timing__tns__total": -704.73, "cts__timing__wns__worst": -2.64, "cts__timing__ws__worst": -2.64, "globalroute__timing__tns__total": -1293.75, "globalroute__timing__wns__worst": -3.8, "globalroute__timing__ws__worst": -3.8, "detailedroute__wirelength": 2088574.0, "detailedroute__via__count": 398577.0, "detailedroute__errors__count": 0, "detailedroute__drc__error__count": 0, "finish__power__internal__total": 0.0851, "finish__power__switch__total": 0.119, "finish__power__leak__total": 1.94e-07, "finish__power__total": 0.204, "finish__area": 8883380.0, "finish__util": 100.0, "total_time": "0:00:00"}, {"run__flow__generate__date": "2021-04-02 09:10", "run__flow__openroad__version": "1", "run__flow__openroad__commit": "daa2ad53a592dbef4d1d5e257aa4a51532ac2f14", "run__flow__uuid": "f3f08b85-2c4e-4b12-9c52-05b79ccfa9b3", "run__flow__design": "ibex", "run__flow__platform": "sky130hd", "synth__area__stdcell__count": 15708.0, "synth__area__stdcell__area": 127743.7664, "constraints__clocks__count": 1, "constraints__clocks__details": ["core_clock: 10.0000"], "floorplan__timing__tns_total": -457.77, "floorplan__timing__wns__worst": -1.29, "floorplan__timing__ws__worst": -1.29, "floorplan__area__stdcell__count": 122479.0, "floorplan__area__instance__util": 3.0, "floorplan__area__IO__count": 264.0, "floorplan__area__macros__count": 0, "globalplace__area__density__target": 0.6, "globalplace__area__wirelength__estimate": 1431522.0, "globalplace__timing__tns__total": -35275.19, "globalplace__timing__wns__worst": -26.11, "placeopt__area__inbuffer__count": 157.0, "placeopt__area__outbuffer__count": 106.0, "placeopt__area__resize__count": 2688.0, "placeopt__timing__tns__total": -1701.78, "placeopt__timing__wns__worst": -3.84, "placeopt__timing__ws__worst": -3.84, "placeopt__area__instance__area": 230582.0, "placeopt__area__instance__util": 5.0, "detailedplace__timing__tns__total": -863.23, "detailedplace__timing__wns__worst": -2.65, "detailedplace__timing__ws__worst": -2.65, "detailedplace__inst__displacement__total": 62817.7, "detailedplace__inst__displacement__average": 0.8, "detailedplace__inst__displacement__max": 164.5, "detailedplace__wirelength__initial__estimate": 796281.9, "detailedplace__wirelength__final__estimate": 840764.9, "cts__timing__tns__total": -3626.42, "cts__timing__wns__worst": -5.3, "cts__timing__ws__worst": -5.3, "globalroute__timing__tns__total": -5181.99, "globalroute__timing__wns__worst": -6.61, "globalroute__timing__ws__worst": -6.61, "detailedroute__wirelength": 1132324.0, "detailedroute__via__count": 139911.0, "detailedroute__errors__count": 0, "detailedroute__drc__error__count": 0, "finish__power__internal__total": 0.0217, "finish__power__switch__total": 0.0496, "finish__power__leak__total": 6.47e-08, "finish__power__total": 0.0713, "finish__area": 4589558.0, "finish__util": 100.0, "total_time": "0:00:00"}, {"run__flow__generate__date": "2021-04-02 09:10", "run__flow__openroad__version": "1", "run__flow__openroad__commit": "daa2ad53a592dbef4d1d5e257aa4a51532ac2f14", "run__flow__uuid": "3e1cbcda-e2f1-4403-9691-27d06fbd0072", "run__flow__design": "gcd", "run__flow__platform": "sky130hd", "synth__area__stdcell__count": 234.0, "synth__area__stdcell__area": 2083.248, "constraints__clocks__count": 1, "constraints__clocks__details": ["core_clock: 2.0000"], "floorplan__timing__tns_total": -63.41, "floorplan__timing__wns__worst": -2.05, "floorplan__timing__ws__worst": -2.05, "floorplan__area__stdcell__count": 1989.0, "floorplan__area__instance__util": 3.0, "floorplan__area__IO__count": 54.0, "floorplan__area__macros__count": 0, "globalplace__area__density__target": 0.6, "globalplace__area__wirelength__estimate": 18899.0, "globalplace__timing__tns__total": -83.43, "globalplace__timing__wns__worst": -2.65, "placeopt__area__inbuffer__count": 35.0, "placeopt__area__outbuffer__count": 18.0, "placeopt__area__resize__count": 44.0, "placeopt__timing__tns__total": -79.22, "placeopt__timing__wns__worst": -2.5, "placeopt__timing__ws__worst": -2.5, "placeopt__area__instance__area": 4422.0, "placeopt__area__instance__util": 7.0, "detailedplace__timing__tns__total": -72.6, "detailedplace__timing__wns__worst": -2.29, "detailedplace__timing__ws__worst": -2.29, "detailedplace__inst__displacement__total": 1101.9, "detailedplace__inst__displacement__average": 0.8, "detailedplace__inst__displacement__max": 22.0, "detailedplace__wirelength__initial__estimate": 9368.7, "detailedplace__wirelength__final__estimate": 10020.6, "cts__timing__tns__total": -77.67, "cts__timing__wns__worst": -2.48, "cts__timing__ws__worst": -2.48, "globalroute__timing__tns__total": -86.16, "globalroute__timing__wns__worst": -2.78, "globalroute__timing__ws__worst": -2.78, "detailedroute__wirelength": 12381.0, "detailedroute__via__count": 2087.0, "detailedroute__errors__count": 0, "detailedroute__drc__error__count": 0, "finish__power__internal__total": 0.000861, "finish__power__switch__total": 0.000881, "finish__power__leak__total": 1.77e-09, "finish__power__total": 0.00174, "finish__area": 67865.0, "finish__util": 100.0, "total_time": "0:00:00"}, {"run__flow__generate__date": "2021-04-02 09:10", "run__flow__openroad__version": "1", "run__flow__openroad__commit": "daa2ad53a592dbef4d1d5e257aa4a51532ac2f14", "run__flow__uuid": "eccafbbd-17b5-4e79-ae94-9a58fd47a20a", "run__flow__design": "aes", "run__flow__platform": "sky130hd", "synth__area__stdcell__count": 24855.0, "synth__area__stdcell__area": 117780.4608, "constraints__clocks__count": 1, "constraints__clocks__details": ["clk: 3.0000"], "floorplan__timing__tns_total": 0.0, "floorplan__timing__wns__worst": 0.0, "floorplan__timing__ws__worst": 0.41, "floorplan__area__stdcell__count": 112602.0, "floorplan__area__instance__util": 10.0, "floorplan__area__IO__count": 388.0, "floorplan__area__macros__count": 0, "globalplace__area__density__target": 0.6, "globalplace__area__wirelength__estimate": 1653529.0, "globalplace__timing__tns__total": -1645.81, "globalplace__timing__wns__worst": -10.78, "placeopt__area__inbuffer__count": 258.0, "placeopt__area__outbuffer__count": 129.0, "placeopt__area__resize__count": 3757.0, "placeopt__timing__tns__total": -15.05, "placeopt__timing__wns__worst": -0.33, "placeopt__timing__ws__worst": -0.33, "placeopt__area__instance__area": 165531.0, "placeopt__area__instance__util": 15.0, "detailedplace__timing__tns__total": 0.0, "detailedplace__timing__wns__worst": 0.0, "detailedplace__timing__ws__worst": 0.27, "detailedplace__inst__displacement__total": 62490.7, "detailedplace__inst__displacement__average": 1.6, "detailedplace__inst__displacement__max": 25.4, "detailedplace__wirelength__initial__estimate": 1035698.6, "detailedplace__wirelength__final__estimate": 1079704.5, "cts__timing__tns__total": -39.11, "cts__timing__wns__worst": -0.82, "cts__timing__ws__worst": -0.82, "globalroute__timing__tns__total": -119.74, "globalroute__timing__wns__worst": -1.49, "globalroute__timing__ws__worst": -1.49, "detailedroute__wirelength": 1346263.0, "detailedroute__via__count": 186474.0, "detailedroute__errors__count": 0, "detailedroute__drc__error__count": 0, "finish__power__internal__total": 0.0214, "finish__power__switch__total": 0.0747, "finish__power__leak__total": 6.52e-08, "finish__power__total": 0.0961, "finish__area": 1098383.0, "finish__util": 100.0, "total_time": "0:00:00"}, {"run__flow__generate__date": "2021-04-02 09:10", "run__flow__openroad__version": "1", "run__flow__openroad__commit": "daa2ad53a592dbef4d1d5e257aa4a51532ac2f14", "run__flow__uuid": "4439551f-cbf4-4c25-b0f5-b68cbbf78fc5", "run__flow__design": "aes", "run__flow__platform": "sky130hs", "synth__area__stdcell__count": 22358.0, "synth__area__stdcell__area": 152407.44, "constraints__clocks__count": 1, "constraints__clocks__details": ["clk: 2.0000"], "floorplan__timing__tns_total": -0.37, "floorplan__timing__wns__worst": -0.03, "floorplan__timing__ws__worst": -0.03, "floorplan__area__stdcell__count": 144347.0, "floorplan__area__instance__util": 13.0, "floorplan__area__IO__count": 388.0, "floorplan__area__macros__count": 0, "globalplace__area__density__target": 0.5, "globalplace__area__wirelength__estimate": 1784073.0, "globalplace__timing__tns__total": -1216.35, "globalplace__timing__wns__worst": -7.77, "placeopt__area__inbuffer__count": 258.0, "placeopt__area__outbuffer__count": 129.0, "placeopt__area__resize__count": 4752.0, "placeopt__timing__tns__total": -109.71, "placeopt__timing__wns__worst": -0.76, "placeopt__timing__ws__worst": -0.76, "placeopt__area__instance__area": 227933.0, "placeopt__area__instance__util": 21.0, "detailedplace__timing__tns__total": -32.14, "detailedplace__timing__wns__worst": -0.38, "detailedplace__timing__ws__worst": -0.38, "detailedplace__inst__displacement__total": 62413.8, "detailedplace__inst__displacement__average": 1.8, "detailedplace__inst__displacement__max": 35.1, "detailedplace__wirelength__initial__estimate": 1152176.1, "detailedplace__wirelength__final__estimate": 1195345.0, "cts__timing__tns__total": -96.99, "cts__timing__wns__worst": -0.63, "cts__timing__ws__worst": -0.63, "globalroute__timing__tns__total": -171.55, "globalroute__timing__wns__worst": -0.97, "globalroute__timing__ws__worst": -0.97, "detailedroute__wirelength": 1458401.0, "detailedroute__via__count": 168297.0, "detailedroute__errors__count": 0, "detailedroute__drc__error__count": 0, "finish__power__internal__total": 0.0876, "finish__power__switch__total": 0.125, "finish__power__leak__total": 1.66e-06, "finish__power__total": 0.213, "finish__area": 1099060.0, "finish__util": 100.0, "total_time": "0:00:00"}, {"run__flow__generate__date": "2021-04-02 09:10", "run__flow__openroad__version": "1", "run__flow__openroad__commit": "daa2ad53a592dbef4d1d5e257aa4a51532ac2f14", "run__flow__uuid": "d39615b6-7d80-4ab7-908c-d17cea8f16ec", "run__flow__design": "ibex", "run__flow__platform": "sky130hs", "synth__area__stdcell__count": 22340.0, "synth__area__stdcell__area": 200862.936, "constraints__clocks__count": 1, "constraints__clocks__details": ["core_clock: 6.2000"], "floorplan__timing__tns_total": 0.0, "floorplan__timing__wns__worst": 0.0, "floorplan__timing__ws__worst": 1.39, "floorplan__area__stdcell__count": 191613.0, "floorplan__area__instance__util": 4.0, "floorplan__area__IO__count": 264.0, "floorplan__area__macros__count": 0, "globalplace__area__density__target": 0.5, "globalplace__area__wirelength__estimate": 2037621.0, "globalplace__timing__tns__total": -62950.13, "globalplace__timing__wns__worst": -38.33, "placeopt__area__inbuffer__count": 157.0, "placeopt__area__outbuffer__count": 106.0, "placeopt__area__resize__count": 3259.0, "placeopt__timing__tns__total": -3189.81, "placeopt__timing__wns__worst": -3.21, "placeopt__timing__ws__worst": -3.21, "placeopt__area__instance__area": 322795.0, "placeopt__area__instance__util": 7.0, "detailedplace__timing__tns__total": -1167.74, "detailedplace__timing__wns__worst": -1.48, "detailedplace__timing__ws__worst": -1.48, "detailedplace__inst__displacement__total": 78354.0, "detailedplace__inst__displacement__average": 1.1, "detailedplace__inst__displacement__max": 162.3, "detailedplace__wirelength__initial__estimate": 1204114.9, "detailedplace__wirelength__final__estimate": 1253503.1, "cts__timing__tns__total": -4987.1, "cts__timing__wns__worst": -4.62, "cts__timing__ws__worst": -4.62, "globalroute__timing__tns__total": -6440.39, "globalroute__timing__wns__worst": -5.65, "globalroute__timing__ws__worst": -5.65, "detailedroute__wirelength": 1647058.0, "detailedroute__via__count": 179279.0, "detailedroute__errors__count": 0, "detailedroute__drc__error__count": 0, "finish__power__internal__total": "N/A", "finish__power__switch__total": "N/A", "finish__power__leak__total": "N/A", "finish__power__total": "N/A", "finish__area": 4585410.0, "finish__util": 100.0, "total_time": "0:00:00"}, {"run__flow__generate__date": "2021-04-02 09:10", "run__flow__openroad__version": "1", "run__flow__openroad__commit": "daa2ad53a592dbef4d1d5e257aa4a51532ac2f14", "run__flow__uuid": "7ccd12b0-e293-463d-ab0a-04a93bdb7f48", "run__flow__design": "gcd", "run__flow__platform": "sky130hs", "synth__area__stdcell__count": 324.0, "synth__area__stdcell__area": 3188.808, "constraints__clocks__count": 1, "constraints__clocks__details": ["core_clock: 2.0000"], "floorplan__timing__tns_total": 0.0, "floorplan__timing__wns__worst": 0.0, "floorplan__timing__ws__worst": 0.5, "floorplan__area__stdcell__count": 3037.0, "floorplan__area__instance__util": 4.0, "floorplan__area__IO__count": 54.0, "floorplan__area__macros__count": 0, "globalplace__area__density__target": 0.5, "globalplace__area__wirelength__estimate": 23025.0, "globalplace__timing__tns__total": 0.0, "globalplace__timing__wns__worst": 0.0, "placeopt__area__inbuffer__count": 35.0, "placeopt__area__outbuffer__count": 18.0, "placeopt__area__resize__count": 87.0, "placeopt__timing__tns__total": 0.0, "placeopt__timing__wns__worst": 0.0, "placeopt__timing__ws__worst": 0.19, "placeopt__area__instance__area": 5089.0, "placeopt__area__instance__util": 8.0, "detailedplace__timing__tns__total": 0.0, "detailedplace__timing__wns__worst": 0.0, "detailedplace__timing__ws__worst": 0.31, "detailedplace__inst__displacement__total": 1211.7, "detailedplace__inst__displacement__average": 1.0, "detailedplace__inst__displacement__max": 17.7, "detailedplace__wirelength__initial__estimate": 12163.5, "detailedplace__wirelength__final__estimate": 12804.0, "cts__timing__tns__total": 0.0, "cts__timing__wns__worst": 0.0, "cts__timing__ws__worst": 0.15, "globalroute__timing__tns__total": -0.1, "globalroute__timing__wns__worst": -0.02, "globalroute__timing__ws__worst": -0.02, "detailedroute__wirelength": 14956.0, "detailedroute__via__count": 2346.0, "detailedroute__errors__count": 0, "detailedroute__drc__error__count": 0, "finish__power__internal__total": 0.0012, "finish__power__switch__total": 0.000935, "finish__power__leak__total": 3.57e-08, "finish__power__total": 0.00214, "finish__area": 67574.0, "finish__util": 100.0, "total_time": "0:00:00"}, {"run__flow__generate__date": "2021-04-02 09:10", "run__flow__openroad__version": "1", "run__flow__openroad__commit": "daa2ad53a592dbef4d1d5e257aa4a51532ac2f14", "run__flow__uuid": "5a1f3d0d-71d3-4461-8998-e28fd0acc426", "run__flow__design": "jpeg", "run__flow__platform": "sky130hs", "synth__area__stdcell__count": 92206.0, "synth__area__stdcell__area": 680638.68, "constraints__clocks__count": 1, "constraints__clocks__details": ["clk: 3.4000"], "floorplan__timing__tns_total": 0.0, "floorplan__timing__wns__worst": 0.0, "floorplan__timing__ws__worst": 0.02, "floorplan__area__stdcell__count": 666069.0, "floorplan__area__instance__util": 7.0, "floorplan__area__IO__count": 47.0, "floorplan__area__macros__count": 0, "globalplace__area__density__target": 0.5, "globalplace__area__wirelength__estimate": 4500410.0, "globalplace__timing__tns__total": -115167.97, "globalplace__timing__wns__worst": -145.0, "placeopt__area__inbuffer__count": 19.0, "placeopt__area__outbuffer__count": 27.0, "placeopt__area__resize__count": 11327.0, "placeopt__timing__tns__total": -1950.26, "placeopt__timing__wns__worst": -2.99, "placeopt__timing__ws__worst": -2.99, "placeopt__area__instance__area": 933159.0, "placeopt__area__instance__util": 11.0, "detailedplace__timing__tns__total": -573.74, "detailedplace__timing__wns__worst": -1.68, "detailedplace__timing__ws__worst": -1.68, "detailedplace__inst__displacement__total": 279494.1, "detailedplace__inst__displacement__average": 1.5, "detailedplace__inst__displacement__max": 19.4, "detailedplace__wirelength__initial__estimate": 2724517.2, "detailedplace__wirelength__final__estimate": 2966850.0, "cts__timing__tns__total": -1651.81, "cts__timing__wns__worst": -2.36, "cts__timing__ws__worst": -2.36, "globalroute__timing__tns__total": -2067.1, "globalroute__timing__wns__worst": -2.7, "globalroute__timing__ws__worst": -2.7, "detailedroute__wirelength": 3406458.0, "detailedroute__via__count": 585112.0, "detailedroute__errors__count": 0, "detailedroute__drc__error__count": 0, "finish__power__internal__total": "N/A", "finish__power__switch__total": "N/A", "finish__power__leak__total": "N/A", "finish__power__total": "N/A", "finish__area": 8882397.0, "finish__util": 100.0, "total_time": "0:00:00"}]